[sb-admin-pro.startbootstrap.com/index.html]
[backblue.gif]
[fade.gif]
[index.html]
[sb-admin-pro.startbootstrap.com/css/styles.css]
[sb-admin-pro.startbootstrap.com/assets/img/favicon.png]
[cdnjs.cloudflare.com/ajax/libs/font-awesome/5.15.3/js/all.min.js]
[cdnjs.cloudflare.com/ajax/libs/feather-icons/4.28.0/feather.min.js]
[sb-admin-pro.startbootstrap.com/index-2.html]
[sb-admin-pro.startbootstrap.com/assets/img/illustrations/profiles/profile-2.png]
[sb-admin-pro.startbootstrap.com/assets/img/illustrations/profiles/profile-3.png]
[sb-admin-pro.startbootstrap.com/assets/img/illustrations/profiles/profile-4.png]
[sb-admin-pro.startbootstrap.com/assets/img/illustrations/profiles/profile-5.png]
[sb-admin-pro.startbootstrap.com/assets/img/illustrations/profiles/profile-1.png]
[sb-admin-pro.startbootstrap.com/cdn-cgi/l/email-protection.html]
[sb-admin-pro.startbootstrap.com/dashboard-1.html]
[sb-admin-pro.startbootstrap.com/dashboard-2.html]
[sb-admin-pro.startbootstrap.com/dashboard-3.html]
[sb-admin-pro.startbootstrap.com/account-profile.html]
[sb-admin-pro.startbootstrap.com/account-billing.html]
[sb-admin-pro.startbootstrap.com/account-security.html]
[sb-admin-pro.startbootstrap.com/account-notifications.html]
[sb-admin-pro.startbootstrap.com/auth-login-basic.html]
[sb-admin-pro.startbootstrap.com/auth-register-basic.html]
[sb-admin-pro.startbootstrap.com/auth-password-basic.html]
[sb-admin-pro.startbootstrap.com/auth-login-social.html]
[sb-admin-pro.startbootstrap.com/auth-register-social.html]
[sb-admin-pro.startbootstrap.com/auth-password-social.html]
[sb-admin-pro.startbootstrap.com/error-400.html]
[sb-admin-pro.startbootstrap.com/error-401.html]
[sb-admin-pro.startbootstrap.com/error-403.html]
[sb-admin-pro.startbootstrap.com/error-404-1.html]
[sb-admin-pro.startbootstrap.com/error-404-2.html]
[sb-admin-pro.startbootstrap.com/error-500.html]
[sb-admin-pro.startbootstrap.com/error-503.html]
[sb-admin-pro.startbootstrap.com/error-504.html]
[sb-admin-pro.startbootstrap.com/knowledge-base-home-1.html]
[sb-admin-pro.startbootstrap.com/knowledge-base-home-2.html]
[sb-admin-pro.startbootstrap.com/knowledge-base-category.html]
[sb-admin-pro.startbootstrap.com/knowledge-base-article.html]
[sb-admin-pro.startbootstrap.com/pricing.html]
[sb-admin-pro.startbootstrap.com/invoice.html]
[sb-admin-pro.startbootstrap.com/multi-tenant-select.html]
[sb-admin-pro.startbootstrap.com/wizard.html]
[sb-admin-pro.startbootstrap.com/layout-static.html]
[sb-admin-pro.startbootstrap.com/layout-dark.html]
[sb-admin-pro.startbootstrap.com/layout-rtl.html]
[sb-admin-pro.startbootstrap.com/layout-boxed.html]
[sb-admin-pro.startbootstrap.com/layout-fluid.html]
[sb-admin-pro.startbootstrap.com/header-simplified.html]
[sb-admin-pro.startbootstrap.com/header-compact.html]
[sb-admin-pro.startbootstrap.com/header-overlap.html]
[sb-admin-pro.startbootstrap.com/header-breadcrumbs.html]
[sb-admin-pro.startbootstrap.com/header-light.html]
[sb-admin-pro.startbootstrap.com/starter-default.html]
[sb-admin-pro.startbootstrap.com/starter-minimal.html]
[sb-admin-pro.startbootstrap.com/alerts.html]
[sb-admin-pro.startbootstrap.com/avatars.html]
[sb-admin-pro.startbootstrap.com/badges.html]
[sb-admin-pro.startbootstrap.com/buttons.html]
[sb-admin-pro.startbootstrap.com/cards.html]
[sb-admin-pro.startbootstrap.com/dropdowns.html]
[sb-admin-pro.startbootstrap.com/forms.html]
[sb-admin-pro.startbootstrap.com/modals.html]
[sb-admin-pro.startbootstrap.com/navigation.html]
[sb-admin-pro.startbootstrap.com/progress.html]
[sb-admin-pro.startbootstrap.com/step.html]
[sb-admin-pro.startbootstrap.com/timeline.html]
[sb-admin-pro.startbootstrap.com/toasts.html]
[sb-admin-pro.startbootstrap.com/tooltips.html]
[sb-admin-pro.startbootstrap.com/animations.html]
[sb-admin-pro.startbootstrap.com/background.html]
[sb-admin-pro.startbootstrap.com/borders.html]
[sb-admin-pro.startbootstrap.com/lift.html]
[sb-admin-pro.startbootstrap.com/shadows.html]
[sb-admin-pro.startbootstrap.com/typography.html]
[sb-admin-pro.startbootstrap.com/charts.html]
[sb-admin-pro.startbootstrap.com/tables.html]
[assets.startbootstrap.com/img/screenshots-product-pages/sb-admin-pro/dashboards/default.png]
[assets.startbootstrap.com/img/screenshots-product-pages/sb-admin-pro/dashboards/affiliate.png]
[assets.startbootstrap.com/img/screenshots-product-pages/sb-admin-pro/dashboards/multipurpose.png]
[assets.startbootstrap.com/img/screenshots-product-pages/sb-admin-pro/pages/account-billing.png]
[assets.startbootstrap.com/img/screenshots-product-pages/sb-admin-pro/pages/account-notifications.png]
[assets.startbootstrap.com/img/screenshots-product-pages/sb-admin-pro/pages/account-profile.png]
[assets.startbootstrap.com/img/screenshots-product-pages/sb-admin-pro/pages/account-security.png]
[assets.startbootstrap.com/img/screenshots-product-pages/sb-admin-pro/pages/auth-login-basic.png]
[assets.startbootstrap.com/img/screenshots-product-pages/sb-admin-pro/pages/auth-login-social.png]
[assets.startbootstrap.com/img/screenshots-product-pages/sb-admin-pro/pages/auth-mutli-tenant.png]
[assets.startbootstrap.com/img/screenshots-product-pages/sb-admin-pro/pages/auth-password-basic.png]
[assets.startbootstrap.com/img/screenshots-product-pages/sb-admin-pro/pages/auth-password-social.png]
[assets.startbootstrap.com/img/screenshots-product-pages/sb-admin-pro/pages/auth-register-basic.png]
[assets.startbootstrap.com/img/screenshots-product-pages/sb-admin-pro/pages/auth-register-social.png]
[assets.startbootstrap.com/img/screenshots-product-pages/sb-admin-pro/pages/invoice.png]
[assets.startbootstrap.com/img/screenshots-product-pages/sb-admin-pro/pages/knowledgebase-article.png]
[assets.startbootstrap.com/img/screenshots-product-pages/sb-admin-pro/pages/knowledgebase-category.png]
[assets.startbootstrap.com/img/screenshots-product-pages/sb-admin-pro/pages/knowledgebase-home-1.png]
[assets.startbootstrap.com/img/screenshots-product-pages/sb-admin-pro/pages/knowledgebase-home-2.png]
[assets.startbootstrap.com/img/screenshots-product-pages/sb-admin-pro/pages/pricing.png]
[assets.startbootstrap.com/img/screenshots-product-pages/sb-admin-pro/pages/wizard.png]
[sb-admin-pro.startbootstrap.com/cdn-cgi/scripts/5c5dd728/cloudflare-static/email-decode.min.js]
[cdn.jsdelivr.net/npm/bootstrap@5.0.1/dist/js/bootstrap.bundle.min.js]
[sb-admin-pro.startbootstrap.com/js/scripts.js]
[assets.startbootstrap.com/js/sb-customizer.js]
[sb-admin-pro.startbootstrap.com/index.html]
[static.cloudflareinsights.com/beacon.min.js]
[sb-admin-pro.startbootstrap.com/assets/fonts/metropolis/Metropolis-Thin.otf]
[sb-admin-pro.startbootstrap.com/assets/fonts/metropolis/Metropolis-ThinItalic.otf]
[sb-admin-pro.startbootstrap.com/assets/fonts/metropolis/Metropolis-ExtraLight.otf]
[sb-admin-pro.startbootstrap.com/assets/fonts/metropolis/Metropolis-ExtraLightItalic.otf]
[sb-admin-pro.startbootstrap.com/assets/fonts/metropolis/Metropolis-Light.otf]
[sb-admin-pro.startbootstrap.com/assets/fonts/metropolis/Metropolis-LightItalic.otf]
[sb-admin-pro.startbootstrap.com/assets/fonts/metropolis/Metropolis-Regular.otf]
[sb-admin-pro.startbootstrap.com/assets/fonts/metropolis/Metropolis-RegularItalic.otf]
[sb-admin-pro.startbootstrap.com/assets/fonts/metropolis/Metropolis-Medium.otf]
[sb-admin-pro.startbootstrap.com/assets/fonts/metropolis/Metropolis-MediumItalic.otf]
[sb-admin-pro.startbootstrap.com/assets/fonts/metropolis/Metropolis-SemiBold.otf]
[sb-admin-pro.startbootstrap.com/assets/fonts/metropolis/Metropolis-SemiBoldItalic.otf]
[sb-admin-pro.startbootstrap.com/assets/fonts/metropolis/Metropolis-Bold.otf]
[sb-admin-pro.startbootstrap.com/assets/fonts/metropolis/Metropolis-BoldItalic.otf]
[sb-admin-pro.startbootstrap.com/assets/fonts/metropolis/Metropolis-ExtraBold.otf]
[sb-admin-pro.startbootstrap.com/assets/fonts/metropolis/Metropolis-ExtraBoldItalic.otf]
[sb-admin-pro.startbootstrap.com/assets/fonts/metropolis/Metropolis-Black.otf]
[sb-admin-pro.startbootstrap.com/assets/fonts/metropolis/Metropolis-BlackItalic.otf]
[sb-admin-pro.startbootstrap.com/assets/img/backgrounds/bg-waves.svg]
[sb-admin-pro.startbootstrap.com/css/styles.css]
[sb-admin-pro.startbootstrap.com/index-2.html]
[sb-admin-pro.startbootstrap.com/cdn-cgi/l/email-protection.html]
[sb-admin-pro.startbootstrap.com/assets/img/backgrounds/bg-angles.svg]
[cdn.jsdelivr.net/npm/simple-datatables@latest/dist/style.css]
[cdn.jsdelivr.net/npm/litepicker/dist/css/litepicker.css]
[sb-admin-pro.startbootstrap.com/assets/img/illustrations/at-work.svg]
[cdnjs.cloudflare.com/ajax/libs/Chart.js/2.9.4/Chart.min.js]
[sb-admin-pro.startbootstrap.com/assets/demo/chart-area-demo.js]
[sb-admin-pro.startbootstrap.com/assets/demo/chart-bar-demo.js]
[sb-admin-pro.startbootstrap.com/js/datatables/datatables-simple-demo.js]
[cdn.jsdelivr.net/npm/litepicker/dist/bundle.js]
[sb-admin-pro.startbootstrap.com/dashboard-1.html]
[sb-admin-pro.startbootstrap.com/js/litepicker.js]
[sb-admin-pro.startbootstrap.com/assets/img/illustrations/browser-stats.svg]
[sb-admin-pro.startbootstrap.com/assets/img/illustrations/processing.svg]
[sb-admin-pro.startbootstrap.com/assets/img/illustrations/windows.svg]
[sb-admin-pro.startbootstrap.com/assets/img/illustrations/data-report.svg]
[sb-admin-pro.startbootstrap.com/assets/img/illustrations/profiles/profile-6.png]
[sb-admin-pro.startbootstrap.com/assets/img/illustrations/team-spirit.svg]
[sb-admin-pro.startbootstrap.com/dashboard-2.html]
[sb-admin-pro.startbootstrap.com/assets/demo/chart-pie-demo.js]
[sb-admin-pro.startbootstrap.com/dashboard-3.html]
[sb-admin-pro.startbootstrap.com/account-profile.html]
[sb-admin-pro.startbootstrap.com/account-billing.html]
[sb-admin-pro.startbootstrap.com/account-security.html]
[sb-admin-pro.startbootstrap.com/account-notifications.html]
[sb-admin-pro.startbootstrap.com/auth-login-basic.html]
[sb-admin-pro.startbootstrap.com/auth-register-basic.html]
[sb-admin-pro.startbootstrap.com/auth-password-basic.html]
[sb-admin-pro.startbootstrap.com/auth-login-social.html]
[sb-admin-pro.startbootstrap.com/auth-register-social.html]
[sb-admin-pro.startbootstrap.com/auth-password-social.html]
[sb-admin-pro.startbootstrap.com/assets/img/illustrations/statistics.svg]
[sb-admin-pro.startbootstrap.com/error-400.html]
[sb-admin-pro.startbootstrap.com/assets/img/illustrations/400-error-bad-request.svg]
[sb-admin-pro.startbootstrap.com/error-401.html]
[sb-admin-pro.startbootstrap.com/assets/img/illustrations/401-error-unauthorized.svg]
[sb-admin-pro.startbootstrap.com/error-403.html]
[sb-admin-pro.startbootstrap.com/assets/img/illustrations/403-error-forbidden.svg]
[sb-admin-pro.startbootstrap.com/error-404-1.html]
[sb-admin-pro.startbootstrap.com/assets/img/illustrations/404-error.svg]
[sb-admin-pro.startbootstrap.com/error-404-2.html]
[sb-admin-pro.startbootstrap.com/assets/img/illustrations/404-error-with-a-cute-animal.svg]
[sb-admin-pro.startbootstrap.com/error-500.html]
[sb-admin-pro.startbootstrap.com/assets/img/illustrations/500-internal-server-error.svg]
[sb-admin-pro.startbootstrap.com/error-503.html]
[sb-admin-pro.startbootstrap.com/assets/img/illustrations/503-error-service-unavailable.svg]
[sb-admin-pro.startbootstrap.com/error-504.html]
[sb-admin-pro.startbootstrap.com/assets/img/illustrations/504-error-gateway-timeout.svg]
[sb-admin-pro.startbootstrap.com/knowledge-base-home-1.html]
[sb-admin-pro.startbootstrap.com/knowledge-base-home-2.html]
[sb-admin-pro.startbootstrap.com/knowledge-base-category.html]
[sb-admin-pro.startbootstrap.com/knowledge-base-article.html]
[sb-admin-pro.startbootstrap.com/pricing.html]
[sb-admin-pro.startbootstrap.com/assets/img/illustrations/problem-solving.svg]
[sb-admin-pro.startbootstrap.com/invoice.html]
[sb-admin-pro.startbootstrap.com/assets/img/demo/demo-logo.svg]
[sb-admin-pro.startbootstrap.com/multi-tenant-create.html]
[sb-admin-pro.startbootstrap.com/multi-tenant-select.html]
[sb-admin-pro.startbootstrap.com/wizard.html]
[sb-admin-pro.startbootstrap.com/layout-static.html]
[sb-admin-pro.startbootstrap.com/layout-dark.html]
[sb-admin-pro.startbootstrap.com/multi-tenant-join.html]
[cdn.datatables.net/1.10.22/js/jquery.dataTables.min.js]
[cdn.datatables.net/1.10.22/js/dataTables.bootstrap4.min.js]
[sb-admin-pro.startbootstrap.com/assets/demo/datatables-demo.js]
[sb-admin-pro.startbootstrap.com/layout-rtl.html]
[sb-admin-pro.startbootstrap.com/layout-boxed.html]
[sb-admin-pro.startbootstrap.com/layout-fluid.html]
[sb-admin-pro.startbootstrap.com/header-simplified.html]
[sb-admin-pro.startbootstrap.com/header-compact.html]
[sb-admin-pro.startbootstrap.com/header-overlap.html]
[sb-admin-pro.startbootstrap.com/header-breadcrumbs.html]
[sb-admin-pro.startbootstrap.com/header-light.html]
[sb-admin-pro.startbootstrap.com/starter-default.html]
[sb-admin-pro.startbootstrap.com/starter-minimal.html]
[sb-admin-pro.startbootstrap.com/assets/img/demo/pug.svg]
[cdnjs.cloudflare.com/ajax/libs/prism/1.17.1/components/prism-core.min.js]
[sb-admin-pro.startbootstrap.com/alerts.html]
[sb-admin-pro.startbootstrap.com/avatars.html]
[sb-admin-pro.startbootstrap.com/badges.html]
[sb-admin-pro.startbootstrap.com/buttons.html]
[cdnjs.cloudflare.com/ajax/libs/prism/1.17.1/plugins/autoloader/prism-autoloader.min.js]
[sb-admin-pro.startbootstrap.com/assets/img/demo/cards/card-img-top.jpg]
[sb-admin-pro.startbootstrap.com/assets/img/demo/cards/card-img-bottom.jpg]
[sb-admin-pro.startbootstrap.com/assets/img/demo/cards/card-img-overlay.jpg]
[sb-admin-pro.startbootstrap.com/assets/img/demo/cards/card-img-left.jpg]
[sb-admin-pro.startbootstrap.com/assets/img/demo/cards/card-img-right.jpg]
[sb-admin-pro.startbootstrap.com/cards.html]
[sb-admin-pro.startbootstrap.com/dropdowns.html]
[sb-admin-pro.startbootstrap.com/forms.html]
[sb-admin-pro.startbootstrap.com/modals.html]
[sb-admin-pro.startbootstrap.com/navigation.html]
[sb-admin-pro.startbootstrap.com/progress.html]
[sb-admin-pro.startbootstrap.com/step.html]
[sb-admin-pro.startbootstrap.com/timeline.html]
[sb-admin-pro.startbootstrap.com/toasts.html]
[sb-admin-pro.startbootstrap.com/tooltips.html]
[sb-admin-pro.startbootstrap.com/animations.html]
[sb-admin-pro.startbootstrap.com/js/toasts.js]
[sb-admin-pro.startbootstrap.com/assets/img/demo/demo-ocean-lg.jpg]
[sb-admin-pro.startbootstrap.com/assets/img/backgrounds/bg-pattern-shapes.png]
[sb-admin-pro.startbootstrap.com/assets/img/demo/demo-ocean-sm.jpg]
[sb-admin-pro.startbootstrap.com/background.html]
[sb-admin-pro.startbootstrap.com/borders.html]
[sb-admin-pro.startbootstrap.com/lift.html]
[sb-admin-pro.startbootstrap.com/shadows.html]
[sb-admin-pro.startbootstrap.com/typography.html]
[sb-admin-pro.startbootstrap.com/charts.html]
[sb-admin-pro.startbootstrap.com/tables.html]
[sb-admin-pro.startbootstrap.com/assets/img/backgrounds/bg-waves.svg]
[sb-admin-pro.startbootstrap.com/assets/img/backgrounds/bg-angles.svg]
[cdn.jsdelivr.net/npm/simple-datatables@latest/dist/style.css]
[cdn.jsdelivr.net/npm/litepicker/dist/css/litepicker.css]
[sb-admin-pro.startbootstrap.com/assets/img/illustrations/at-work.svg]
[sb-admin-pro.startbootstrap.com/assets/img/illustrations/browser-stats.svg]
[sb-admin-pro.startbootstrap.com/assets/img/illustrations/processing.svg]
[sb-admin-pro.startbootstrap.com/assets/img/illustrations/windows.svg]
[sb-admin-pro.startbootstrap.com/assets/img/illustrations/data-report.svg]
[sb-admin-pro.startbootstrap.com/assets/img/illustrations/team-spirit.svg]
[sb-admin-pro.startbootstrap.com/assets/img/illustrations/statistics.svg]
[sb-admin-pro.startbootstrap.com/assets/img/illustrations/400-error-bad-request.svg]
[sb-admin-pro.startbootstrap.com/assets/img/illustrations/401-error-unauthorized.svg]
[sb-admin-pro.startbootstrap.com/assets/img/illustrations/403-error-forbidden.svg]
[sb-admin-pro.startbootstrap.com/assets/img/illustrations/404-error.svg]
[sb-admin-pro.startbootstrap.com/assets/img/illustrations/404-error-with-a-cute-animal.svg]
[sb-admin-pro.startbootstrap.com/assets/img/illustrations/500-internal-server-error.svg]
[sb-admin-pro.startbootstrap.com/assets/img/illustrations/503-error-service-unavailable.svg]
[sb-admin-pro.startbootstrap.com/assets/img/illustrations/504-error-gateway-timeout.svg]
[sb-admin-pro.startbootstrap.com/assets/img/illustrations/problem-solving.svg]
[sb-admin-pro.startbootstrap.com/assets/img/demo/demo-logo.svg]
[sb-admin-pro.startbootstrap.com/multi-tenant-create.html]
[sb-admin-pro.startbootstrap.com/multi-tenant-join.html]
[sb-admin-pro.startbootstrap.com/assets/demo/datatables-demo.html]
[sb-admin-pro.startbootstrap.com/assets/img/demo/pug.svg]
[sb-admin-pro.startbootstrap.com/multi-tenant-add-users.html]
[sb-admin-pro.startbootstrap.com/multi-tenant-add-users.html]
